                                  \│/                                           
      ╔═══════╗   ╔═══════╗   ╔════╲   │   ╱════╗   ╔═══════╗   ╔═══════╗       
      ║       ╠═══╣       ╠═══╣     ╲  │  ╱     ╠═══╣       ╠═══╣       ║       
      ║       ╠═══╣       ╠═══╣     ╱  │  ╲     ╠═══╣       ╠═══╣       ║       
      ╚═══════╝   ╚═══════╝   ╚════╱   │   ╲════╝   ╚═══════╝   ╚═══════╝       
                                  /│\                                           
                                                                                
                                                                                
                Oh no! Looks like there's a break in the chain!                 
                                                                                
     Perles could not discover a supported beads runtime from this project.     
                                                                                
    Perles support policy: beads v1+ with backend=dolt and dolt_mode=server.    
                                                                                
                           Try one of these options:                            
                                                                                
               1. (Recommended) Run 'bd bootstrap' in this project              
          2. Ensure metadata.json has backend=dolt and dolt_mode=server         
       3. If the project is embedded/shared mode, switch it to server mode      
                  4. Then retry Perles from this repository root                
                                                                                
                                                                                
                                                                                
                                Press q to quit                                 