                                                                                                                        
                                                                                                                        
                                                                                                                        
                                                                                                                        
                                                                                                                        
                                                                                                                        
                                                                                                                        
                                                                                                                        
                                                                                                                        
                                ╭──────────────────────────────────────────────────────╮                                
                                │ Use Git Worktree?                                    │                                
                                │──────────────────────────────────────────────────────│                                
                                │                                                      │                                
                                │ Create an isolated workspace for this session?       │                                
                                │                                                      │                                
                                │ • Yes: Changes happen in a separate worktree         │                                
                                │ • No: Changes happen in current directory            │                                
                                │                                                      │                                
                                │ [1001z  Yes  [1001z  [1002z  No  [1002z                                      │                                
                                │                                                      │                                
                                ╰──────────────────────────────────────────────────────╯                                
                                                                                                                        
                                                                                                                        
                                                                                                                        
                                                                                                                        
                                                                                                                        
                                                                                                                        
                                                                                                                        
                                                                                                                        
                                                                                                                        