╭─ ○ WORKER-1 ─────────────────────────────────────────────────────────────────╮
│                                                                              │
│                                                                              │
│                                                                              │
│                                                                              │
│                                                                              │
│                                                                              │
│                                                                              │
│                                                                              │
│                                                                              │
│                                                                              │
│                                                                              │
│                                                                              │
│                                                                              │
│Worker                                                                        │
│Working on the implementation...                                              │
│                                                                              │
│User                                                                          │
│Task assigned:                                                                │
╰──────────────────────────────────────────────────────────────────────────────╯