╭─ ○ COORDINATOR ────────────────────────╮╭─ COMMAND LOG ──────────────────────╮                                        
│                                        ││                                    │                                        
│                                        ││                                    │                                        
│                                        ││                                    │                                        
│                                        ││                                    │                                        
│                                        ││                                    │                                        
│                                        │╰────────────────────────────────────╯                                        
│                                        │╭─ MESSAGE LOG ──────────────────────╮                                        
│                                        ││                                    │                                        
│                                        ││                                    │                                        
│                                        ││                                    │                                        
│                                        ││                                    │                                        
│                                        ││                                    │        No workers spawned yet.         
│                                        ││                                    │    Use ctrl+p to select a workflow.    
│                                        ││                                    │                                        
│                                        ││                                    │                                        
│                                        ││                                    │                                        
│                                        ││                                    │                                        
│                                        ││                                    │                                        
│                                        ││                                    │                                        
│                                        ││                                    │                                        
│                                        ││                                    │                                        
│                                        ││                                    │                                        
│                                        ││                                    │                                        
│                                        ││                                    │                                        
╰────────────────────────────────────────╯╰────────────────────────────────────╯                                        
╭─ COORDINATOR ────────────────────────────────────────────────────────────────────────────────────────────────────────╮
│ Type message to coordinator...                                                                                       │
│                                                                                                                      │
╰─────────────────────────────────────────────────────────────────────── session:a1b2c3d4-5678-9012-abcd-ef1234567890 ─╯