                                                                                                                        
                                                                                                                        
                                                                                                                        
                                                                                                                        
                                                                                                                        
                                                                                                                        
                                                                                                                        
                                                                                                                        
                                                                                                                        
                                ╭──────────────────────────────────────────────────────╮                                
                                │ Use Git Worktree?                                    │                                
                                │──────────────────────────────────────────────────────│                                
                                │                                                      │                                
                                │ Create an isolated workspace for this session?       │                                
                                │                                                      │                                
                                │ • Yes: Changes happen in a separate worktree         │                                
                                │ • No: Changes happen in current directory            │                                
                                │                                                      │                                
                                │   Yes      No                                        │                                
                                │                                                      │                                
                                ╰──────────────────────────────────────────────────────╯                                
                                                                                                                        
                                                                                                                        
                                                                                                                        
                                                                                                                        
                                                                                                                        
                                                                                                                        
                                                                                                                        
                                                                                                                        
                                                                                                                        