╭─ ● WORKER-1 perles-abc.1 (impl) ─────────────────────────────────────────────╮
│                                                                              │
│                                                                              │
│                                                                              │
│                                                                              │
│                                                                              │
│                                                                              │
│                                                                              │
│                                                                              │
│                                                                              │
│                                                                              │
│                                                                              │
│                                                                              │
│                                                                              │
│Worker                                                                        │
│Working on the implementation...                                              │
│                                                                              │
│User                                                                          │
│Task assigned: perles-abc.1                                                   │
╰──────────────────────────────────────────────────────────────────────────────╯
╭─ ○ WORKER-2 ─────────────────────────────────────────────────────────────────╮
│                                                                              │
│                                                                              │
│                                                                              │
│                                                                              │
│                                                                              │
│                                                                              │
│                                                                              │
│                                                                              │
│                                                                              │
│                                                                              │
│                                                                              │
│                                                                              │
│                                                                              │
│Worker                                                                        │
│Working on the implementation...                                              │
│                                                                              │
│User                                                                          │
│Task assigned:                                                                │
╰──────────────────────────────────────────────────────────────────────────────╯
╭─ ● WORKER-3 perles-xyz.2 (review) ───────────────────────────────────────────╮
│                                                                              │
│                                                                              │
│                                                                              │
│                                                                              │
│                                                                              │
│                                                                              │
│                                                                              │
│                                                                              │
│                                                                              │
│                                                                              │
│                                                                              │
│                                                                              │
│                                                                              │
│Worker                                                                        │
│Working on the implementation...                                              │
│                                                                              │
│User                                                                          │
│Task assigned: perles-xyz.2                                                   │
╰──────────────────────────────────────────────────────────────────────────────╯