╭─ ⚠ WORKER-1 perles-xyz.2 (idle) ─────────────────────────────────────────────╮
│                                                                              │
│                                                                              │
│                                                                              │
│                                                                              │
│                                                                              │
│                                                                              │
│                                                                              │
│                                                                              │
│                                                                              │
│                                                                              │
│                                                                              │
│                                                                              │
│                                                                              │
│Worker                                                                        │
│Working on the implementation...                                              │
│                                                                              │
│User                                                                          │
│Task assigned: perles-xyz.2                                                   │
╰──────────────────────────────────────────────────────────────────────────────╯