╭─ ● WORKER-1 perles-abc.1 (impl) ─────────────────────────────────────────────╮
│                                                                              │
│                                                                              │
│                                                                              │
│                                                                              │
│                                                                              │
│                                                                              │
│                                                                              │
│                                                                              │
│                                                                              │
│                                                                              │
│                                                                              │
│                                                                              │
│                                                                              │
│Worker                                                                        │
│Working on the implementation...                                              │
│                                                                              │
│User                                                                          │
│Task assigned: perles-abc.1                                                   │
╰──────────────────────────────────────────────────────────────────────────────╯