╭─ ✗ WORKER-1 perles-err.1 (idle) ─────────────────────────────────────────────╮
│                                                                              │
│                                                                              │
│                                                                              │
│                                                                              │
│                                                                              │
│                                                                              │
│                                                                              │
│                                                                              │
│                                                                              │
│                                                                              │
│                                                                              │
│                                                                              │
│                                                                              │
│Worker                                                                        │
│Working on the implementation...                                              │
│                                                                              │
│User                                                                          │
│Task assigned: perles-err.1                                                   │
╰──────────────────────────────────────────────────────────────────────────────╯