╭─ ○ COORDINATOR (8467) ──────────────────────────────────────────── 15k/200k ─╮
│                                                                              │
│                                                                              │
│                                                                              │
│                                                                              │
│                                                                              │
│                                                                              │
│                                                                              │
│                                                                              │
│                                                                              │
│                                                                              │
│                                                                              │
│                                                                              │
│                                                                              │
│Coordinator                                                                   │
│I'll help you implement this feature.                                         │
│                                                                              │
│User                                                                          │
│Please start with the tests.                                                  │
╰──────────────────────────────────────────────────────────────────────────────╯