╭─ Tree (↓ down) (deps) ─────────────────────────── ███░░░░░░░░░░░░ 25% (1/4) ─╮ ╭─ Issue Details ─────────────────────────────────────────────────────────────╮
│ >[E][P1][epic-1] Epic: Implement new feature ○                               │ │                                                                             │
│  ├─[T][P1][task-1] Design API ✓                                              │ │  Select an issue to view details                                            │
│  ├─[T][P1][task-2] Implement backend ●                                       │ │                                                                             │
│  └─[T][P2][task-3] Add tests ○                                               │ │                                                                             │
│                                                                              │ │                                                                             │
│                                                                              │ │                                                                             │
│                                                                              │ │                                                                             │
│                                                                              │ │                                                                             │
│                                                                              │ │                                                                             │
│                                                                              │ │                                                                             │
│                                                                              │ │                                                                             │
│                                                                              │ │                                                                             │
│                                                                              │ │                                                                             │
│                                                                              │ │                                                                             │
│                                                                              │ │                                                                             │
│                                                                              │ │                                                                             │
│                                                                              │ │                                                                             │
│                                                                              │ │                                                                             │
│                                                                              │ │                                                                             │
│                                                                              │ │                                                                             │
│                                                                              │ │                                                                             │
│                                                                              │ │                                                                             │
│                                                                              │ │                                                                             │
│                                                                              │ │                                                                             │
│                                                                              │ │                                                                             │
│                                                                              │ │                                                                             │
│                                                                              │ │                                                                             │
│                                                                              │ │                                                                             │
╰──────────────────────────────────────────────────────────────────────────────╯ ╰─────────────────────────────────────────────────────────────────────────────╯