╭─ Tree (↑ up) (deps) ────────────────────────────── ░░░░░░░░░░░░░░░ 0% (0/2) ─╮ ╭─ Issue Details ─────────────────────────────────────────────────────────────╮
│ >[T][P0][child-1] Child Issue ○                                              │ │                                                                             │
│  └─[E][P0][parent-1] Parent Issue ○                                          │ │  Select an issue to view details                                            │
│                                                                              │ │                                                                             │
│                                                                              │ │                                                                             │
│                                                                              │ │                                                                             │
│                                                                              │ │                                                                             │
│                                                                              │ │                                                                             │
│                                                                              │ │                                                                             │
│                                                                              │ │                                                                             │
│                                                                              │ │                                                                             │
│                                                                              │ │                                                                             │
│                                                                              │ │                                                                             │
│                                                                              │ │                                                                             │
│                                                                              │ │                                                                             │
│                                                                              │ │                                                                             │
│                                                                              │ │                                                                             │
│                                                                              │ │                                                                             │
│                                                                              │ │                                                                             │
│                                                                              │ │                                                                             │
│                                                                              │ │                                                                             │
│                                                                              │ │                                                                             │
│                                                                              │ │                                                                             │
│                                                                              │ │                                                                             │
│                                                                              │ │                                                                             │
│                                                                              │ │                                                                             │
│                                                                              │ │                                                                             │
│                                                                              │ │                                                                             │
│                                                                              │ │                                                                             │
╰──────────────────────────────────────────────────────────────────────────────╯ ╰─────────────────────────────────────────────────────────────────────────────╯