╭─ Text Search ─ BQL Search ─────────────────────╮ ╭─ Issue Details ───────────────────────────────╮
│                                                │ │                                               │
╰────────────────────────────────────────────────╯ │  Select an issue to view details              │
╭────────────────────────────────────────────────╮ │                                               │
│                                                │ │                                               │
│  No results found                              │ │                                               │
│                                                │ │                                               │
│                                                │ │                                               │
│                                                │ │                                               │
│                                                │ │                                               │
│                                                │ │                                               │
│                                                │ │                                               │
│                                                │ │                                               │
│                                                │ │                                               │
│                                                │ │                                               │
│                                                │ │                                               │
│                                                │ │                                               │
│                                                │ │                                               │
│                                                │ │                                               │
│                                                │ │                                               │
│                                                │ │                                               │
│                                                │ │                                               │
│                                                │ │                                               │
│                                                │ │                                               │
│                                                │ │                                               │
│                                                │ │                                               │
│                                                │ │                                               │
│                                                │ │                                               │
│                                                │ │                                               │
╰────────────────────────────────────────────────╯ ╰───────────────────────────────────────────────╯