╭─ Not Ready (0) ────────────╮╭─ Ready (0) ────────────────╮╭─ In Progress (0) ──────────╮╭─ Done (0) ─────────────────╮
│                            ││                            ││                            ││                            │
│  No issues                 ││  No issues                 ││  No issues                 ││  No issues                 │
│                            ││                            ││                            ││                            │
│                            ││                            ││                            ││                            │
│                            ││                            ││                            ││                            │
│                            ││                            ││                            ││                            │
│                            ││                            ││                            ││                            │
│                            ││                            ││                            ││                            │
│                            ││                            ││                            ││                            │
│                            ││                            ││                            ││                            │
│                            ││                            ││                            ││                            │
│                            ││                            ││                            ││                            │
│                            ││                            ││                            ││                            │
│                            ││                            ││                            ││                            │
│                            ││                            ││                            ││                            │
│                            ││                            ││                            ││                            │
│                            ││                            ││                            ││                            │
│                            ││                            ││                            ││                            │
│                            ││                            ││                            ││                            │
│                            ││                            ││                            ││                            │
│                            ││                            ││                            ││                            │
│                            ││                            ││                            ││                            │
│                            ││                            ││                            ││                            │
│                            ││                            ││                            ││                            │
│                            ││                            ││                            ││                            │
│                            ││                            ││                            ││                            │
│                            ││                            ││                            ││                            │
│                            ││                            ││                            ││                            │
│                            ││                            ││                            ││                            │
│                            ││                            ││                            ││                            │
│                            ││                            ││                            ││                            │
│                            ││                            ││                            ││                            │
│                            ││                            ││                            ││                            │
│                            ││                            ││                            ││                            │
│                            ││                            ││                            ││                            │
│                            ││                            ││                            ││                            │
│                            ││                            ││                            ││                            │
│                            ││                            ││                            ││                            │
╰────────────────────────────╯╰────────────────────────────╯╰────────────────────────────╯╰────────────────────────────╯