╭──────────────────────────────────────────────────────────────────────────────────────────────────╮
│#   Status    Name             WorkDir          Workers  Tokens   Health   Uptime   Started       │
│1   RUNNING   This is a ver... ·                2        99.0K    ❤️ 0s    -        -             │
│2   PENDING   Another extre... ·                0        -        -        -        -             │
│                                                                                                  │
│                                                                                                  │
│                                                                                                  │
│                                                                                                  │
│                                                                                                  │
│                                                                                                  │
│                                                                                                  │
│                                                                                                  │
│                                                                                                  │
│                                                                                                  │
│                                                                                                  │
│                                                                                                  │
│                                                                                                  │
│                                                                                                  │
│                                                                                                  │
│                                                                                                  │
│                                                                                                  │
│                                                                                                  │
│                                                                                                  │
│                                                                                                  │
│                                                                                                  │
│                                                                                                  │
╰──────────────────────────────────────────────────────────────────────────────────────────────────╯
╭──────────────────────────────────────────────────────────────────────────────────────────────────╮
│[x] stop  [n] new  [?] help  [q] quit                                                             │
╰──────────────────────────────────────────────────────────────────────────────────────────────────╯