╭──────────────────────────────────────────────────────────────────────────────────────────────────╮
│#   Status    Name             WorkDir          Workers  Tokens   Health   Uptime   Started       │
│1   RUNNING   First Workflow   ·                2        50.0K    ❤️ 0s    -        -             │
│2   PENDING   Second Workflow  ·                0        -        -        -        -             │
│                                                                                                  │
│                                                                                                  │
╰──────────────────────────────────────────────────────────────────────────────────────────────────╯
╭──────────────────────────────────────────────────────────────────────────────────────────────────╮
│[x] stop  [n] new  [?] help  [q] quit                                                             │
╰──────────────────────────────────────────────────────────────────────────────────────────────────╯