╭─ Workflows ──────────╭────────────────────────────────────────────────────╮──────────────────────╮
│🔔 🔒 Status    Name  │ Edit Issue                       [T][P1][task-001] │ers  Health   Uptime  │
│      RUNNING   Workfl│────────────────────────────────────────────────────│     ❤️ 0s    -       │
│                      │                                                    │                      │
│                      │ ╭─ Title ────────────────────────────────────────╮ │                      │
│                      │ │Implement authentication flow                   │ │                      │
│                      │ ╰────────────────────────────────────────────────╯ │                      │
│                      │                                                    │                      │
│                      │ ╭─ Priority (Space to toggle) ───────────────────╮ │                      │
│                      │ │ ( ) P0 - Critical                              │ │                      │
│                      │ │ (●) P1 - High                                  │ │                      │
╰──────────────────────│ │ ( ) P2 - Medium                                │ │──────────────────────╯
 No tasks in epic      │ │ ( ) P3 - Low                                   │ │                       
╭──────────────────────│ │ ( ) P4 - Backlog                               │ │──────────────────────╮
│j/k nav  tab cycle  n │ ╰────────────────────────────────────────────────╯ │                      │
╰──────────────────────│                                                    │──────────────────────╯
                       │ ╭─ Status (Space to toggle) ─────────────────────╮ │                       
                       │ │ (●) Open                                       │ │                       
                       │ │ ( ) In Progress                                │ │                       
                       │ │ ( ) Closed                                     │ │                       
                       │ │ ( ) Deferred                                   │ │                       
                       │ │ ( ) Blocked                                    │ │                       
                       │ ╰────────────────────────────────────────────────╯ │                       
                       │                                                    │                       
                       │ ╭─ Labels (Space to toggle) ─────────────────────╮ │                       
                       │                                                    │                       
                       │    Save      Cancel                                │                       
                       │                                                    │                       
                       ╰────────────────────────────────────────────────────╯                       
                                                                                                    