╭─ Workfl╭────────────────────────────────────────────────────────────────────────────────╮────────╮
│🔔 🔒 St│ Edit Issue                                                   [T][P1][task-001] │Uptime  │
│      RU│────────────────────────────────────────────────────────────────────────────────│-       │
│        │                                                                                │        │
│        │ ╭─ Title ───────────────────────────╮   ╭─ Description (ctrl+shift+e for       │        │
│        │editor) ─╮                                                                      │        │
│        │ │Implement authentication flow      │   │Issue description...                │ │        │
│        │ ╰───────────────────────────────────╯   │                                    │ │        │
│        │                                         │                                    │ │        │
│        │ ╭─ Priority (Space to toggle) ──────╮   │                                    │ │        │
│        │ │ ( ) P0 - Critical                 │   │                                    │ │        │
╰────────│ │ (●) P1 - High                     │   │                                    │ │────────╯
 No tasks│ │ ( ) P2 - Medium                   │   │                                    │ │         
╭────────│ │ ( ) P3 - Low                      │   │                                    │ │────────╮
│j/k nav │ │ ( ) P4 - Backlog                  │   ╰────────────────────────────────────╯ │        │
╰────────│ ╰───────────────────────────────────╯                                          │────────╯
         │                                         ╭─ Notes (ctrl+shift+e for editor) ──╮ │         
         │ ╭─ Status (Space to toggle) ────────╮   │Issue notes...                      │ │         
         │ │ (●) Open                          │   │                                    │ │         
         │ │ ( ) In Progress                   │   │                                    │ │         
         │ │ ( ) Closed                        │   │                                    │ │         
         │ │ ( ) Deferred                      │   │                                    │ │         
         │ │ ( ) Blocked                       │   │                                    │ │         
         │ ╰───────────────────────────────────╯   │                                    │ │         
         │                                         │                                    │ │         
         │ ╭─ Labels (Space to toggle) ────────╮   ╰────────────────────────────────────╯ │         
         │                                                                                │         
         │    Save      Cancel                                                            │         
         │                                                                                │         
         ╰────────────────────────────────────────────────────────────────────────────────╯         