╭──────────────────────────────────────────────────────────────────────────────────────────────────╮
│#   Status    Name             WorkDir          Workers  Tokens   Health   Uptime   Started       │
│1   RUNNING   Small token u... ·                1        500      ❤️ 0s    -        -             │
│2   RUNNING   Medium token ... ·                2        50.0K    ❤️ 0s    -        -             │
│3   RUNNING   Large token u... ·                3        2.5M     ❤️ 0s    -        -             │
│                                                                                                  │
│                                                                                                  │
│                                                                                                  │
│                                                                                                  │
│                                                                                                  │
│                                                                                                  │
│                                                                                                  │
│                                                                                                  │
│                                                                                                  │
│                                                                                                  │
│                                                                                                  │
│                                                                                                  │
│                                                                                                  │
│                                                                                                  │
│                                                                                                  │
│                                                                                                  │
│                                                                                                  │
│                                                                                                  │
│                                                                                                  │
│                                                                                                  │
│                                                                                                  │
╰──────────────────────────────────────────────────────────────────────────────────────────────────╯
╭──────────────────────────────────────────────────────────────────────────────────────────────────╮
│[x] stop  [n] new  [?] help  [q] quit                                                             │
╰──────────────────────────────────────────────────────────────────────────────────────────────────╯