╭──────────────────────────────────────────────────────────────────────────────────────────────────────────────────────╮
│#   Status    Name                       WorkDir                    Workers  Tokens   Health   Uptime   Started       │
│1   RUNNING   Worktree workflow          🌳 feature-branch          2        50.0K    ❤️ 0s    -        -             │
│2   PENDING   Custom workdir workflow    project                    0        -        -        -        -             │
│3   RUNNING   Current directory workflow ·                          1        25.0K    ❤️ 0s    -        -             │
│                                                                                                                      │
│                                                                                                                      │
│                                                                                                                      │
│                                                                                                                      │
│                                                                                                                      │
│                                                                                                                      │
│                                                                                                                      │
│                                                                                                                      │
│                                                                                                                      │
│                                                                                                                      │
│                                                                                                                      │
╰──────────────────────────────────────────────────────────────────────────────────────────────────────────────────────╯
╭──────────────────────────────────────────────────────────────────────────────────────────────────────────────────────╮
│[x] stop  [n] new  [?] help  [q] quit                                                                                 │
╰──────────────────────────────────────────────────────────────────────────────────────────────────────────────────────╯