╭─ Workfl╭────────────────────────────────────────────────────────────────────────────────╮────────╮
│🔔 🔒 St│ Edit Issue                                                   [T][P1][task-001] │Uptime  │
│      RU│────────────────────────────────────────────────────────────────────────────────│-       │
│        │                                                                                │        │
│        │ ╭─ Title ───────────────────────────╮   ╭─ Description (ctrl+shift+e for       │        │
│        │editor) ─╮                                                                      │        │
│        │ │Implement authentication flow      │   │Issue description...                │ │        │
│        │ ╰───────────────────────────────────╯   │                                    │ │        │
│        │                                         │                                    │ │        │
│        │ ╭─ Type (Space to toggle) ──────────╮   │                                    │ │        │
│        │ │ (●) Task                          │   │                                    │ │        │
╰────────│ │ ( ) Bug                           │   │                                    │ │────────╯
 No tasks│ │ ( ) Feature                       │   │                                    │ │         
╭────────│ │ ( ) Chore                         │   │                                    │ │────────╮
│j/k nav │ │ ( ) Epic                          │   ╰────────────────────────────────────╯ │        │
╰────────│ │ ( ) Decision                      │                                          │────────╯
         │ │ ( ) Spike                         │   ╭─ Notes (ctrl+shift+e for editor) ──╮ │         
         │ │ ( ) Story                         │   │Issue notes...                      │ │         
         │ │ ( ) Milestone                     │   │                                    │ │         
         │ ╰───────────────────────────────────╯   │                                    │ │         
         │                                         │                                    │ │         
         │ ╭─ Priority (Space to toggle) ──────╮   │                                    │ │         
         │ │ ( ) P0 - Critical                 │   │                                    │ │         
         │ │ (●) P1 - High                     │   │                                    │ │         
         │ │ ( ) P2 - Medium                   │   │                                    │ │         
         │ │ ( ) P3 - Low                      │   ╰────────────────────────────────────╯ │         
         │                                                                                │         
         │    Save      Cancel                                                            │         
         │                                                                                │         
         ╰────────────────────────────────────────────────────────────────────────────────╯         