╭──────────────────────────────────────────╮
│ New View                                 │
│──────────────────────────────────────────│
│                                          │
│ ╭─ View Name ──────────────────────────╮ │
│ │Enter view name...                    │ │
│ ╰──────────────────────────────────────╯ │
│                                          │
│ [1001z  Save  [1001z  [1002z  Cancel  [1002z                     │
│                                          │
╰──────────────────────────────────────────╯