╭──────────────────────────────────────────╮
│ Create Item                              │
│──────────────────────────────────────────│
│                                          │
│ ╭─ Name ───────────────────────────────╮ │
│ │Enter name...                         │ │
│ ╰──────────────────────────────────────╯ │
│                                          │
│ ╭─ Color ──────────────────────────────╮ │
│ │#RRGGBB                               │ │
│ ╰──────────────────────────────────────╯ │
│                                          │
│ [1001z  Save  [1001z  [1002z  Cancel  [1002z                     │
│                                          │
╰──────────────────────────────────────────╯