╭──────────────────────────────────────────╮
│ Delete View                              │
│──────────────────────────────────────────│
│                                          │
│ Are you sure you want to delete?         │
│                                          │
│ [1001z  Confirm  [1001z  [1002z  Cancel  [1002z                  │
│                                          │
╰──────────────────────────────────────────╯