╭────────────────────────────────────────────────────────────────────────────────────────────────╮
│ Edit Issue                                                                                     │
│────────────────────────────────────────────────────────────────────────────────────────────────│
│                                                                                                │
│ [1001z╭─ Title (required) ────────────────────────╮   [1006z╭─ Description ──────────────────────────────╮ │
│ │Fix bug                                    │   │This is a bug description                   │ │
│ ╰───────────────────────────────────────────╯[1001z   │with multiple lines                         │ │
│                                                 │to test text area rendering.                │ │
│ [1002z╭─ Priority ────────────────────────────────╮   │                                            │ │
│ │[1007z ( ) P0 - Critical[1007z                         │   │                                            │ │
│ │[1008z (●) P1 - High[1008z                             │   ╰────────────────────────────────────────────╯[1006z │
│ │[1009z ( ) P2 - Medium[1009z                           │                                                  │
│ ╰───────────────────────────────────────────╯[1002z   [1013z╭─ Notes ────────────────────────────────────╮ │
│                                                 │Internal notes here.                        │ │
│ [1003z╭─ Status ──────────────────────────────────╮   │                                            │ │
│ │[1010z (●) open[1010z                                  │   │                                            │ │
│ │[1011z ( ) in_progress[1011z                           │   │                                            │ │
│ │[1012z ( ) closed[1012z                                │   ╰────────────────────────────────────────────╯[1013z │
│ ╰───────────────────────────────────────────╯[1003z                                                  │
│                                                                                                │
│                                                                                                │
│  [1004z  Save  [1004z  [1005z  Cancel  [1005z                                                                          │
│                                                                                                │
╰────────────────────────────────────────────────────────────────────────────────────────────────╯