╭──────────────────────────────────────────────────╮
│ Edit Issue                                       │
│──────────────────────────────────────────────────│
│                                                  │
│ [1001z╭─ Title (required) ───────────────────────────╮ │
│ │Fix bug                                       │ │
│ ╰──────────────────────────────────────────────╯[1001z │
│                                                  │
│ [1005z╭─ Priority ───────────────────────────────────╮ │
│ │[1002z ( ) P0 - Critical[1002z                            │ │
│ │[1003z (●) P1 - High[1003z                                │ │
│ │[1004z ( ) P2 - Medium[1004z                              │ │
│ ╰──────────────────────────────────────────────╯[1005z │
│                                                  │
│ [1009z╭─ Status ─────────────────────────────────────╮ │
│ │[1006z (●) open[1006z                                     │ │
│ │[1007z ( ) in_progress[1007z                              │ │
│ │[1008z ( ) closed[1008z                                   │ │
│ ╰──────────────────────────────────────────────╯[1009z │
│                                                  │
│ [1010z╭─ Description ────────────────────────────────╮ │
│ │This is a bug description                     │ │
│ │with multiple lines                           │ │
│ │to test text area rendering.                  │ │
│ │                                              │ │
│ │                                              │ │
│ ╰──────────────────────────────────────────────╯[1010z │
│                                                  │
│ [1011z╭─ Notes ──────────────────────────────────────╮ │
│ │Internal notes here.                          │ │
│ │                                              │ │
│ │                                              │ │
│ │                                              │ │
│ ╰──────────────────────────────────────────────╯[1011z │
│                                                  │
│  [1012z  Save  [1012z  [1013z  Cancel  [1013z                            │
│                                                  │
╰──────────────────────────────────────────────────╯