[T][P1][closed-task] Completed Task with Duration                                   │  Type      Task                   
                                                                                    │  ───────────────────────────────  
[38;5;252m[0m[38;5;252m[0m[38;5;252mThis closed task shows the Closed timestamp and Duration[0m[38;5;252m fields.[0m[38;5;252m [0m[38;5;252m [0m[38;5;252m [0m[38;5;252m [0m[38;5;252m [0m[38;5;252m [0m[38;5;252m [0m[38;5;252m [0m[38;5;252m [0m[38;5;252m [0m[38;5;252m [0m[38;5;252m [0m[38;5;252m [0m[38;5;252m [0m[38;5;252m [0m[38;5;252m [0m[38;5;252m [0m[38;5;252m [0m[38;5;252m [0m │  Priority  P1                     
                                                                                    │  Status    Closed                 
                                                                                    │  ───────────────────────────────  
                                                                                    │  Created   2024-06-01 09:00:00    
                                                                                    │  Updated   2024-06-03 14:30:00    
                                                                                    │  Closed    2024-06-03 14:30:00    
                                                                                    │  Duration  2d 5h                  
                                                                                    │  ───────────────────────────────  
                                                                                    │  Labels                           
                                                                                    │   done                            
                                                                                    │                                   
                                                                                    │                                   
                                                                                    │                                   
                                                                                    │                                   
                                                                                    │                                   
                                                                                    │                                   
                                                                                    │                                   
                                                                                    │                                   
                                                                                    │                                   
                                                                                    │                                   
                                                                                    │                                   
                                                                                    │                                   
                                                                                    │                                   
                                                                                    │                                   
                                                                                    │                                   
                                                                                    │                                   
                                                                                    │                                   
[j/k] Scroll  [ctrl+e] Edit  [ctrl+shift+e] External Edit  [ctrl+d] Delete  [Esc]   │                                   
Back                                                                                                                    