[T][P2][commented-task] Task with Comments                                          │  Type      Task                   
                                                                                    │  ───────────────────────────────  
[38;5;252m[0m[38;5;252m[0m[38;5;252mThis task has comments below the[0m[38;5;252m description.[0m[38;5;252m [0m[38;5;252m [0m[38;5;252m [0m[38;5;252m [0m[38;5;252m [0m[38;5;252m [0m[38;5;252m [0m[38;5;252m [0m[38;5;252m [0m[38;5;252m [0m[38;5;252m [0m[38;5;252m [0m[38;5;252m [0m[38;5;252m [0m[38;5;252m [0m[38;5;252m [0m[38;5;252m [0m[38;5;252m [0m[38;5;252m [0m[38;5;252m [0m[38;5;252m [0m[38;5;252m [0m[38;5;252m [0m[38;5;252m [0m[38;5;252m [0m[38;5;252m [0m[38;5;252m [0m[38;5;252m [0m[38;5;252m [0m[38;5;252m [0m[38;5;252m [0m[38;5;252m [0m[38;5;252m [0m[38;5;252m [0m[38;5;252m [0m[38;5;252m [0m[38;5;252m [0m[38;5;252m [0m │  Priority  P2                     
                                                                                    │  Status    Open                   
Comments                                                                            │  ───────────────────────────────  
                                                                                    │  Created   2024-04-01 09:00:00    
[alice] 2024-04-02 14:30:00                                                         │                                   
First comment on this task.                                                         │                                   
                                                                                    │                                   
[bob] 2024-04-02 15:45:00                                                           │                                   
Second comment with some feedback.                                                  │                                   
                                                                                    │                                   
                                                                                    │                                   
                                                                                    │                                   
                                                                                    │                                   
                                                                                    │                                   
                                                                                    │                                   
                                                                                    │                                   
                                                                                    │                                   
                                                                                    │                                   
                                                                                    │                                   
                                                                                    │                                   
                                                                                    │                                   
                                                                                    │                                   
                                                                                    │                                   
                                                                                    │                                   
                                                                                    │                                   
                                                                                    │                                   
                                                                                    │                                   
[j/k] Scroll  [ctrl+e] Edit  [ctrl+shift+e] External Edit  [ctrl+d] Delete  [Esc]   │                                   
Back                                                                                                                    