 Edit Column: Ready                                                                                 [Esc] Cancel  [↑/↓] Navigate   
───────────────────────────────────────────────────────────────────────────────────────────────────────────────────────────────────
                                                                           │                                                       
╭─ Name ────────────────────────────────────────────────────────────────╮  │  Live Preview                                         
│Ready                                                                  │  │  1 issues match current filters                       
╰───────────────────────────────────────────────────────────────────────╯  │                                                       
                                                                           │  ╭─ Ready (1) ─────────────────────────────────────╮  
╭─ Type ────────────────────────────────────────────────────────────────╮  │  │>[?][P1][bd-1] First task                        │  
│● BQL Query    ○ Tree View [←/→ to switch]                             │  │  │                                                 │  
╰───────────────────────────────────────────────────────────────────────╯  │  │                                                 │  
                                                                           │  │                                                 │  
╭─ Color ───────────────────────────────────────────────────────────────╮  │  │                                                 │  
│    #73F59F [Enter to change]                                          │  │  │                                                 │  
╰───────────────────────────────────────────────────────────────────────╯  │  │                                                 │  
                                                                           │  │                                                 │  
╭─ BQL Query ───────────────────────────────────────────────────────────╮  │  │                                                 │  
│status = open and ready = true                                         │  │  │                                                 │  
╰───────────────────────────────────────────────────────────────────────╯  │  │                                                 │  
                                                                           │  │                                                 │  
  Save      Delete                                                         │  │                                                 │  
                                                                           │  │                                                 │  
                                                                           │  │                                                 │  
                                                                           │  │                                                 │  
                                                                           │  │                                                 │  
                                                                           │  │                                                 │  
                                                                           │  ╰─────────────────────────────────────────────────╯  
                                                                           │                                                       
                                                                           │                                                       
                                                                           │                                                       
                                                                                                                                   