╭────────────────────────────────────────────────────────────────────────────────────────────────╮
│ Edit Issue                                                                [T][P1][test-layout] │
│────────────────────────────────────────────────────────────────────────────────────────────────│
│                                                                                                │
│ ╭─ Title ───────────────────────────────────╮   ╭─ Description (ctrl+shift+e for editor) ────╮ │
│ │Multi-Column Issue                         │   │This description appears in column 1        │ │
│ ╰───────────────────────────────────────────╯   │                                            │ │
│                                                 │                                            │ │
│ ╭─ Type (Space to toggle) ──────────────────╮   │                                            │ │
│ │ (●) Task                                  │   │                                            │ │
│ │ ( ) Bug                                   │   │                                            │ │
│ │ ( ) Feature                               │   │                                            │ │
│ │ ( ) Chore                                 │   │                                            │ │
│ │ ( ) Epic                                  │   ╰────────────────────────────────────────────╯ │
│ │ ( ) Decision                              │                                                  │
│ │ ( ) Spike                                 │   ╭─ Notes (ctrl+shift+e for editor) ──────────╮ │
│ │ ( ) Story                                 │   │Internal notes here                         │ │
│ │ ( ) Milestone                             │   │                                            │ │
│ ╰───────────────────────────────────────────╯   │                                            │ │
│                                                 │                                            │ │
│ ╭─ Priority (Space to toggle) ──────────────╮   │                                            │ │
│ │ ( ) P0 - Critical                         │   │                                            │ │
│ │ (●) P1 - High                             │   │                                            │ │
│ │ ( ) P2 - Medium                           │   │                                            │ │
│ │ ( ) P3 - Low                              │   ╰────────────────────────────────────────────╯ │
│ │ ( ) P4 - Backlog                          │                                                  │
│ ╰───────────────────────────────────────────╯                                                  │
│                                                                                                │
│ ╭─ Status (Space to toggle) ────────────────╮                                                  │
│ │ (●) Open                                  │                                                  │
│ │ ( ) In Progress                           │                                                  │
│ │ ( ) Blocked                               │                                                  │
│ │ ( ) Hooked                                │                                                  │
│ │ ( ) Pinned                                │                                                  │
│ │ ( ) Deferred                              │                                                  │
│                                                                                                │
│    Save      Cancel                                                                            │
│                                                                                                │
╰────────────────────────────────────────────────────────────────────────────────────────────────╯